// Jest Snapshot v1, https://goo.gl/fbAQLP

exports[`Article renders correctly 1`] = `
<div>
  <div
    style={
      Object {
        "borderBottomColor": "#aaa",
        "borderBottomStyle": "solid",
        "borderBottomWidth": 1,
        "marginBottom": 10,
        "paddingBottom": 10,
      }
    }
  >
    titletest
  </div>
  <div>
    Invalid Date
  </div>
  <div>
    <a
      href="http://test.com"
    >
      test
       
      testlast
    </a>
  </div>
  <div>
    bodytest
  </div>
</div>
`;
